// Jest Snapshot v1, https://goo.gl/fbAQLP

exports[`App.vue renders correctly 1`] = `
<div data-app="true" class="application theme--light" id="app">
  <div class="application--wrap">
    <nav class="v-toolbar v-toolbar--fixed theme--light" style="margin-top: 0px; padding-right: 0px; padding-left: 0px; transform: translateY(0px);">
      <div class="v-toolbar__content" style="height: 64px;">
        <div class="v-toolbar__title headline text-uppercase"><span>VV</span></div>
        <div class="spacer"></div>
        <div class="v-toolbar__items">
          <router-link-stub class="v-btn v-btn--flat v-btn--router theme--light">
            <div class="v-btn__content">Home</div>
          </router-link-stub>
          <!---->
          <!----> <button type="button" class="v-btn v-btn--flat theme--light">
            <div class="v-btn__content">Sign out</div>
          </button>
        </div>
      </div>
    </nav>
    <main class="v-content" style="padding: 64px 0px 0px 0px;">
      <div class="v-content__wrap">
        <notifications-stub></notifications-stub>
        <router-view-stub></router-view-stub>
      </div>
    </main>
  </div>
</div>
`;
