// Jest Snapshot v1, https://goo.gl/fbAQLP

exports[`UsersListAdd.vue renders correctly 1`] = `
<form novalidate="novalidate" class="v-form">
  <div class="container">
    <div class="layout">
      <div class="flex md4">
        <div class="v-input v-text-field theme--light">
          <div class="v-input__control">
            <div class="v-input__slot">
              <div class="v-text-field__slot"><label aria-hidden="true" class="v-label theme--light" style="left: 0px; position: absolute;">Email</label><input aria-label="Email" name="email" data-vv-name="email" required="required" type="text"></div>
            </div>
            <div class="v-text-field__details">
              <div class="v-messages theme--light">
                <div class="v-messages__wrapper"></div>
              </div>
            </div>
          </div>
        </div>
      </div>
      <div class="flex md3">
        <div class="v-input v-text-field theme--light">
          <div class="v-input__control">
            <div class="v-input__slot">
              <div class="v-text-field__slot"><label aria-hidden="true" class="v-label theme--light" style="left: 0px; position: absolute;">Password</label><input aria-label="Password" name="password" data-vv-name="password" required="required" type="text"></div>
            </div>
            <div class="v-text-field__details">
              <div class="v-messages theme--light">
                <div class="v-messages__wrapper"></div>
              </div>
            </div>
          </div>
        </div>
      </div>
      <div class="flex md3">
        <div role="combobox" class="v-input v-text-field v-select theme--light">
          <div class="v-input__control">
            <div class="v-input__slot">
              <div class="v-select__slot"><label aria-hidden="true" class="v-label theme--light" style="left: 0px; position: absolute;">Role</label>
                <div class="v-select__selections"><input aria-label="Role" name="role" data-vv-name="role" required="required" readonly="readonly" type="text" autocomplete="on" aria-readonly="false"></div>
                <div class="v-input__append-inner">
                  <div class="v-input__icon v-input__icon--append"><i aria-hidden="true" class="v-icon material-icons theme--light">arrow_drop_down</i></div>
                </div>
              </div>
              <div class="v-menu"></div>
            </div>
            <div class="v-text-field__details">
              <div class="v-messages theme--light">
                <div class="v-messages__wrapper"></div>
              </div>
            </div>
          </div>
        </div>
      </div>
      <div class="flex md1"><button type="button" class="v-btn theme--light">
          <div class="v-btn__content">Cancel</div>
        </button></div>
      <div class="flex md1"><button type="button" class="v-btn theme--light primary">
          <div class="v-btn__content">Create</div>
        </button></div>
    </div>
  </div>
</form>
`;
